[financialservices.gov.in/sites/default/files/favicon.ico]
[backblue.gif]
[fade.gif]
[index.html]
[financialservices.gov.in/rss.xml]
[financialservices.gov.in/sites/all/modules/contributed/jquery_update/replace/jquery/1.8/jquery.mina532.js]
[financialservices.gov.in/misc/jquery.once7839.js]
[financialservices.gov.in/misc/drupalbddf.js]
[financialservices.gov.in/sites/all/modules/contributed/jquery_update/replace/ui/external/jquery.cookie1683.js]
[financialservices.gov.in/sites/all/modules/contributed/jquery_update/replace/jquery.form/4/jquery.form.min5d5c.js]
[financialservices.gov.in/misc/ajaxd20d.js]
[financialservices.gov.in/sites/all/modules/contributed/jquery_update/js/jquery_update241d.js]
[financialservices.gov.in/misc/progressbddf.js]
[financialservices.gov.in/sites/all/modules/cmf/cmf_content/assets/js/font-sizebddf.js]
[financialservices.gov.in/sites/all/modules/cmf/cmf_content/assets/js/frameworkbddf.js]
[financialservices.gov.in/sites/all/modules/cmf/cmf_content/assets/js/swithcerbddf.js]
[financialservices.gov.in/sites/all/modules/cmf/guidelines/js/scriptbddf.js]
[financialservices.gov.in/sites/all/modules/contributed/quicktabs/js/quicktabsbddf.js]
[financialservices.gov.in/sites/all/modules/contributed/captcha/captchabddf.js]
[financialservices.gov.in/misc/textaread20d.js]
[financialservices.gov.in/sites/all/modules/contributed/webform/js/webformbddf.js]
[financialservices.gov.in/sites/all/themes/cmf/js/jquery.flexsliderbddf.js]
[financialservices.gov.in/sites/all/themes/cmf/js/custombddf.js]
[financialservices.gov.in/sites/all/themes/cmf/js/jquery.marqueebddf.js]
[financialservices.gov.in/sites/all/themes/cmf/js/sitebddf.js]
[financialservices.gov.in/sites/all/themes/cmf/js/easyResponsiveTabsbddf.js]
[financialservices.gov.in/sites/all/modules/cmf/cmf_content/assets/images/ico-site-search.png]
[financialservices.gov.in/sites/all/modules/cmf/cmf_content/assets/images/ico-accessibility.png]
[financialservices.gov.in/sites/all/modules/cmf/cmf_content/assets/images/ico-social.png]
[financialservices.gov.in/sites/all/modules/cmf/cmf_content/assets/images/ico-facebook.png]
[financialservices.gov.in/sites/all/modules/cmf/cmf_content/assets/images/ico-twitter.png]
[financialservices.gov.in/sites/all/modules/cmf/cmf_content/assets/images/ico-youtube.png]
[financialservices.gov.in/sites/all/modules/cmf/cmf_content/assets/images/ico-sitemap.png]
[financialservices.gov.in/sites/default/files/emblem-dark.png]
[financialservices.gov.in/sites/default/files/145w_120_tiranga.png]
[financialservices.gov.in/sites/default/files/pyramid of schemes.png]
[financialservices.gov.in/sites/default/files/FlowChart05Sep.pdf]
[financialservices.gov.in/sites/default/files/img-2.jpg]
[financialservices.gov.in/sites/default/files/SharedScreenshot.jpg]
[financialservices.gov.in/sites/default/files/100_Cr_Eng-01.jpg]
[financialservices.gov.in/sites/default/files/banner1.jpg]
[financialservices.gov.in/sites/default/files/corona_0.jpg]
[financialservices.gov.in/sites/default/files/Banner English 140420.jpg]
[financialservices.gov.in/sites/default/files/pradhan-mantri-jan-dhan-yojna-logo-1.png]
[financialservices.gov.in/sites/default/files/atal pension yojana_0.png]
[financialservices.gov.in/sites/default/files/Jeevanjyoti.png]
[financialservices.gov.in/sites/default/files/Suraksha Bima.png]
[financialservices.gov.in/sites/default/files/mudra.png]
[financialservices.gov.in/sites/default/files/Stand Up India_0.png]
[financialservices.gov.in/sites/default/files/nirmala-sitharaman 100_0.jpg]
[financialservices.gov.in/sites/default/files/dr_bhagwant_karad_0.jpg]
[financialservices.gov.in/sites/default/files/pankaj-chaudhary_0.jpg]
[platform.twitter.com/widgets.js]
[financialservices.gov.in/sites/default/files/मन्तव्य पत्रिका .pdf]
[financialservices.gov.in/sites/default/files/styles/banner_image_style/public/India Code logod756.png]
[financialservices.gov.in/sites/default/files/styles/banner_image_style/public/Press-Information-Bureau banner5982.png]
[financialservices.gov.in/sites/default/files/styles/banner_image_style/public/Invest India_0ed26.png]
[financialservices.gov.in/sites/default/files/styles/banner_image_style/public/online service for voterdf63.png]
[financialservices.gov.in/sites/default/files/styles/banner_image_style/public/Ministry of Finance on Facebook_26178.png]
[financialservices.gov.in/sites/default/files/styles/banner_image_style/public/National e-Governance Plan_01478.png]
[financialservices.gov.in/sites/default/files/styles/banner_image_style/public/eci_0a60a.png]
[financialservices.gov.in/sites/default/files/styles/banner_image_style/public/pg-portal697b.png]
[financialservices.gov.in/sites/default/files/styles/banner_image_style/public/GoI-directoryff33.png]
[financialservices.gov.in/sites/default/files/styles/banner_image_style/public/pmnrfff88.png]
[financialservices.gov.in/sites/default/files/styles/banner_image_style/public/myvisit-logo9feb.png]
[financialservices.gov.in/sites/default/files/styles/banner_image_style/public/mygovf891.png]
[financialservices.gov.in/sites/default/files/styles/banner_image_style/public/data-gov_08767.png]
[financialservices.gov.in/sites/default/files/styles/banner_image_style/public/india-gov86fb.png]
[financialservices.gov.in/sites/default/files/styles/banner_image_style/public/makeinindia807d.png]
[financialservices.gov.in/sites/all/modules/cmf/cmf_content/assets/images/cmf-logo.png]
[financialservices.gov.in/sites/default/files/STQC-DFS certificate.pdf]
[financialservices.gov.in/sites/all/modules/cmf/cmf_content/assets/images/cqw_logo.png]
[financialservices.gov.in/index.html]
[financialservices.gov.in/misc/throbber-inactive.png]
[financialservices.gov.in/misc/throbber-active.gif]
[financialservices.gov.in/misc/grippie.png]
[financialservices.gov.in/misc/draggable.png]
[financialservices.gov.in/misc/tree.png]
[financialservices.gov.in/misc/tree-bottom.png]
[financialservices.gov.in/modules/system/system.basebddf.css]
[financialservices.gov.in/sites/all/modules/contributed/calendar/css/calendar_multidaybddf.css]
[financialservices.gov.in/sites/all/modules/contributed/date/date_api/datebddf.css]
[financialservices.gov.in/sites/all/modules/contributed/date/date_popup/themes/datepicker.1.7bddf.css]
[financialservices.gov.in/modules/field/theme/fieldbddf.css]
[financialservices.gov.in/modules/node/nodebddf.css]
[financialservices.gov.in/modules/search/searchbddf.css]
[financialservices.gov.in/sites/all/modules/contributed/views/css/viewsbddf.css]
[financialservices.gov.in/sites/all/modules/cmf/cmf_content/assets/images/flag.jpg]
[financialservices.gov.in/sites/all/modules/cmf/cmf_content/assets/images/ico-link-dark.png]
[financialservices.gov.in/sites/all/modules/cmf/cmf_content/assets/images/emblem-dark.png]
[financialservices.gov.in/sites/all/modules/cmf/cmf_content/assets/images/blt.png]
[financialservices.gov.in/sites/all/modules/cmf/cmf_content/assets/images/carousel-bg.png]
[financialservices.gov.in/sites/all/modules/cmf/cmf_content/assets/images/after-bg.png]
[financialservices.gov.in/sites/all/modules/cmf/cmf_content/assets/images/footer-top-bg.jpg]
[financialservices.gov.in/sites/all/modules/cmf/cmf_content/assets/images/footer-bottom-bg.png]
[financialservices.gov.in/sites/all/modules/cmf/cmf_content/assets/images/after-bottom-bg.png]
[financialservices.gov.in/sites/all/modules/cmf/cmf_content/assets/images/hindi.png]
[financialservices.gov.in/sites/all/modules/cmf/cmf_content/assets/images/english.png]
[financialservices.gov.in/sites/all/modules/cmf/cmf_content/assets/images/ico-goi-search.png]
[financialservices.gov.in/sites/all/modules/cmf/cmf_content/assets/css/basebddf.css]
[financialservices.gov.in/sites/all/modules/cmf/cmf_content/assets/fonts/DXI1ORHCpsQm3Vp6mXoaTXhCUOGz7vYGh680lGh-uXM.woff]
[financialservices.gov.in/sites/all/modules/cmf/cmf_content/assets/fonts/cJZKeOuBrn4kERxqtaUH3T8E0i7KZn-EPnyo3HZu7kw.woff]
[financialservices.gov.in/sites/all/modules/cmf/cmf_content/assets/fonts/MTP_ySUJH_bn48VBG8sNSnhCUOGz7vYGh680lGh-uXM.woff]
[financialservices.gov.in/sites/all/modules/cmf/cmf_content/assets/fonts/k3k702ZOKiLJc3WVjuplzHhCUOGz7vYGh680lGh-uXM.woff]
[financialservices.gov.in/sites/all/modules/cmf/cmf_content/assets/fonts/EInbV5DfGHOiMmvb1Xr-hnhCUOGz7vYGh680lGh-uXM.woff]
[financialservices.gov.in/sites/all/modules/cmf/cmf_content/assets/fonts/KT3KS9Aol4WfR6Vas8kNcg.woff]
[financialservices.gov.in/sites/all/modules/cmf/cmf_content/assets/fonts/9k-RPmcnxYEPm8CNFsH2gg.woff]
[financialservices.gov.in/sites/all/modules/cmf/cmf_content/assets/fonts/wkfQbvfT_02e2IWO3yYueQ.woff]
[financialservices.gov.in/sites/all/modules/cmf/cmf_content/assets/fonts/BVtM30trf7q_jfqYeHfjtA.woff]
[financialservices.gov.in/sites/all/modules/cmf/cmf_content/assets/fonts/toadOcfmlt9b38dHJxOBGNbE_oMaV8t2eFeISPpzbdE.woff]
[financialservices.gov.in/sites/all/modules/cmf/cmf_content/assets/fonts/ODelI1aHBYDBqgeIAH2zlBM0YzuT7MdOe03otPbuUS0.woff]
[financialservices.gov.in/sites/all/modules/cmf/cmf_content/assets/fonts/toadOcfmlt9b38dHJxOBGJ6-ys_j0H4QL65VLqzI3wI.woff]
[financialservices.gov.in/sites/all/modules/cmf/cmf_content/assets/fonts/toadOcfmlt9b38dHJxOBGFkQc6VGVFSmCnC_l7QZG60.woff]
[financialservices.gov.in/sites/all/modules/cmf/cmf_content/assets/fonts/toadOcfmlt9b38dHJxOBGHiec-hVyr2k4iOzEQsW1iE.woff]
[financialservices.gov.in/sites/all/modules/cmf/cmf_content/assets/css/fontbddf.css]
[financialservices.gov.in/sites/all/modules/cmf/cmf_content/assets/fonts/flexslider-icon.eot]
[financialservices.gov.in/sites/all/modules/cmf/cmf_content/assets/fonts/flexslider-icond41d.eot]
[financialservices.gov.in/sites/all/modules/cmf/cmf_content/assets/fonts/flexslider-icon.woff]
[financialservices.gov.in/sites/all/modules/cmf/cmf_content/assets/fonts/flexslider-icon.ttf]
[financialservices.gov.in/sites/all/modules/cmf/cmf_content/assets/css/flexsliderbddf.css]
[financialservices.gov.in/sites/all/modules/cmf/cmf_content/assets/images/toggle-bar.png]
[financialservices.gov.in/sites/all/modules/cmf/cmf_content/assets/css/base-responsivebddf.css]
[financialservices.gov.in/sites/all/modules/cmf/cmf_content/assets/fonts/fontawesome-webfonte0a5.eot]
[financialservices.gov.in/sites/all/modules/cmf/cmf_content/assets/fonts/fontawesome-webfontd41d.eot]
[financialservices.gov.in/sites/all/modules/cmf/cmf_content/assets/fonts/fontawesome-webfonte0a5.woff]
[financialservices.gov.in/sites/all/modules/cmf/cmf_content/assets/fonts/fontawesome-webfonte0a5.ttf]
[financialservices.gov.in/sites/all/modules/cmf/cmf_content/assets/css/font-awesome.minbddf.css]
[financialservices.gov.in/sites/all/modules/contributed/ctools/images/status-active.gif]
[financialservices.gov.in/sites/all/modules/contributed/ctools/css/ctoolsbddf.css]
[financialservices.gov.in/sites/all/modules/cmf/google_search/images/ico-goi-search.png]
[financialservices.gov.in/sites/all/modules/cmf/google_search/css/resultbddf.css]
[financialservices.gov.in/sites/all/modules/contributed/panels/css/panelsbddf.css]
[financialservices.gov.in/sites/all/modules/contributed/panels/plugins/layouts/onecol/onecolbddf.css]
[financialservices.gov.in/sites/all/modules/contributed/quicktabs/css/quicktabsbddf.css]
[financialservices.gov.in/sites/all/modules/contributed/webform/css/webformbddf.css]
[financialservices.gov.in/sites/all/themes/cmf/css/jquery.smartmarqueebddf.css]
[financialservices.gov.in/sites/all/themes/cmf/images/VikasKaBudget-smbanner.jpg]
[financialservices.gov.in/sites/all/themes/cmf/images/swach-bharat.png]
[financialservices.gov.in/sites/all/themes/cmf/images/img/data-staticsics.png]
[financialservices.gov.in/sites/all/themes/cmf/images/img/ico-arrow.png]
[financialservices.gov.in/sites/all/themes/cmf/images/img/ico-arrow-hover.png]
[financialservices.gov.in/sites/all/themes/cmf/images/img/gallery_bg.gif]
[financialservices.gov.in/sites/all/themes/cmf/images/more.png]
[financialservices.gov.in/sites/all/themes/cmf/images/close.png]
[financialservices.gov.in/sites/all/themes/cmf/images/active-arrow.png]
[financialservices.gov.in/sites/all/themes/cmf/images/img/breadcam-bg.png]
[financialservices.gov.in/sites/all/themes/cmf/images/img/breadcam-arrow.png]
[financialservices.gov.in/sites/all/themes/cmf/images/bluearw.png]
[financialservices.gov.in/sites/all/themes/cmf/images/img/list-bulet.png]
[financialservices.gov.in/sites/all/themes/cmf/images/img/banking.png]
[financialservices.gov.in/sites/all/themes/cmf/images/img/insurance.png]
[financialservices.gov.in/sites/all/themes/cmf/images/img/pension.html]
[financialservices.gov.in/sites/all/themes/cmf/css/sitebddf.css]
[financialservices.gov.in/sites/all/themes/cmf/css/site-responsivebddf.css]
[financialservices.gov.in/sites/all/themes/cmf/css/printbddf.css]
[financialservices.gov.in/sites/all/themes/cmf/css/no-js.css]
[financialservices.gov.in/site-map.html]
[financialservices.gov.in/hi.html]
[financialservices.gov.in/about-us/about-the-department.html]
[financialservices.gov.in/minister/smt-nirmala-sitharaman.html]
[financialservices.gov.in/honble-minister-state.html]
[financialservices.gov.in/acts-and-subordinate-legislation.html]
[financialservices.gov.in/about-us/allocation-business.html]
[financialservices.gov.in/about-us/citizen-charter.html]
[financialservices.gov.in/major-achievements.html]
[financialservices.gov.in/awards-0.html]
[financialservices.gov.in/initiatives.html]
[financialservices.gov.in/circulars-3.html]
[financialservices.gov.in/notification.html]
[financialservices.gov.in/annual-report.html]
[financialservices.gov.in/rti/suo-moto-disclosure-under-section-4-rti-act2005new.html]
[financialservices.gov.in/rti/right-to-information.html]
[financialservices.gov.in/financial-inclusion-schemes.html]
[financialservices.gov.in/financial-inclusion.html]
[financialservices.gov.in/vacancy.html]
[financialservices.gov.in/psbs-psics-dfis.html]
[financialservices.gov.in/about-us/public-grievances-redressal-mechanism.html]
[financialservices.gov.in/social-media.html]
[financialservices.gov.in/gallery.html]
[financialservices.gov.in/video-gallery-0.html]
[financialservices.gov.in/ecoffee_table_book/index.html]
[financialservices.gov.in/digital_archive/akam-xml-new/index.html]
[financialservices.gov.in/nodef7b4.html]
